// Jest Snapshot v1, https://goo.gl/fbAQLP

exports[`<Todos /> should render Todos 1`] = `
.c0 {
  display: -webkit-box;
  display: -webkit-flex;
  display: -ms-flexbox;
  display: flex;
  -webkit-align-items: center;
  -webkit-box-align: center;
  -ms-flex-align: center;
  align-items: center;
  -webkit-box-pack: justify;
  -webkit-justify-content: space-between;
  -ms-flex-pack: justify;
  justify-content: space-between;
}

.c1 {
  border-radius: 100%;
  padding: 1em;
  width: 70px;
  height: 70px;
  display: -webkit-box;
  display: -webkit-flex;
  display: -ms-flexbox;
  display: flex;
  -webkit-align-items: center;
  -webkit-box-align: center;
  -ms-flex-align: center;
  align-items: center;
  -webkit-box-pack: center;
  -webkit-justify-content: center;
  -ms-flex-pack: center;
  justify-content: center;
  box-shadow: 0 4px 6px rgba(50,50,93,0.11),0 1px 3px rgba(0,0,0,0.08);
  -webkit-transition: all 0.15s ease-in;
  transition: all 0.15s ease-in;
  cursor: pointer;
  border-radius: 0.4em;
  background-color: white;
  width: 60px;
  height: 60px;
  margin: 1em;
  opacity: 0.5;
  pointer-events: none;
  -webkit-transform: scale(0.9);
  -ms-transform: scale(0.9);
  transform: scale(0.9);
  cursor: none;
}

.c1 svg {
  color: #525f7f;
  -webkit-transition: all 0.15s ease-in;
  transition: all 0.15s ease-in;
  fill: transparent;
}

.c1:hover svg {
  fill: #f5365c;
  stroke: #f5365c;
}

.c2 {
  border-radius: 100%;
  padding: 1em;
  width: 70px;
  height: 70px;
  display: -webkit-box;
  display: -webkit-flex;
  display: -ms-flexbox;
  display: flex;
  -webkit-align-items: center;
  -webkit-box-align: center;
  -ms-flex-align: center;
  align-items: center;
  -webkit-box-pack: center;
  -webkit-justify-content: center;
  -ms-flex-pack: center;
  justify-content: center;
  box-shadow: 0 4px 6px rgba(50,50,93,0.11),0 1px 3px rgba(0,0,0,0.08);
  -webkit-transition: all 0.15s ease-in;
  transition: all 0.15s ease-in;
  cursor: pointer;
  border-radius: 0.4em;
  background-color: white;
  width: 60px;
  height: 60px;
  margin: 1em;
  opacity: 0.5;
  pointer-events: none;
  -webkit-transform: scale(0.9);
  -ms-transform: scale(0.9);
  transform: scale(0.9);
  cursor: none;
}

.c2 svg {
  color: #525f7f;
  -webkit-transition: all 0.15s ease-in;
  transition: all 0.15s ease-in;
  fill: transparent;
}

<div
  className=""
>
  <div
    className="c0"
  >
    <button
      className="c1"
      onClick={[Function]}
    >
      <svg
        className="feather feather-play"
        fill="none"
        height="16"
        stroke="currentColor"
        strokeLinecap="round"
        strokeLinejoin="round"
        strokeWidth="2"
        viewBox="0 0 24 24"
        width="16"
        xmlns="http://www.w3.org/2000/svg"
      >
        <polygon
          points="5 3 19 12 5 21 5 3"
        />
      </svg>
    </button>
    <button
      className="c2"
      onClick={[Function]}
    >
      <svg
        className="feather feather-trash-2"
        fill="none"
        height="16"
        stroke="currentColor"
        strokeLinecap="round"
        strokeLinejoin="round"
        strokeWidth="2"
        viewBox="0 0 24 24"
        width="16"
        xmlns="http://www.w3.org/2000/svg"
      >
        <polyline
          points="3 6 5 6 21 6"
        />
        <path
          d="M19 6v14a2 2 0 0 1-2 2H7a2 2 0 0 1-2-2V6m3 0V4a2 2 0 0 1 2-2h4a2 2 0 0 1 2 2v2"
        />
        <line
          x1="10"
          x2="10"
          y1="11"
          y2="17"
        />
        <line
          x1="14"
          x2="14"
          y1="11"
          y2="17"
        />
      </svg>
    </button>
  </div>
</div>
`;
